// Jest Snapshot v1, https://goo.gl/fbAQLP

exports[`Button component test Should be match with snapshot 1`] = `[Function]`;
