// Jest Snapshot v1, https://goo.gl/fbAQLP

exports[`SharedSocialMediaComponent test Should be match with snapshot 1`] = `[Function]`;
