// Jest Snapshot v1, https://goo.gl/fbAQLP

exports[`ResultViewScreen test Should match with snapshot 1`] = `
<RNCSafeAreaView
  edges={
    [
      "bottom",
      "left",
      "right",
      "top",
    ]
  }
  style={
    {
      "backgroundColor": "#000",
      "flex": 1,
      "padding": 40,
    }
  }
>
  <View
    style={
      {
        "alignItems": "center",
        "flex": 1,
        "justifyContent": "flex-end",
        "marginBottom": 10,
        "marginHorizontal": 40,
        "marginTop": 30,
      }
    }
  >
    <View
      collapsable={false}
      style={
        {
          "alignSelf": undefined,
          "bottom": undefined,
          "end": undefined,
          "left": undefined,
          "position": undefined,
          "right": undefined,
          "shadowColor": "#000",
          "shadowOffset": {
            "height": 0,
            "width": 0,
          },
          "shadowOpacity": 0,
          "shadowRadius": 0,
          "start": undefined,
          "top": undefined,
        }
      }
    >
      <View
        collapsable={false}
        style={
          {
            "shadowColor": "#000",
            "shadowOffset": {
              "height": 0,
              "width": 0,
            },
            "shadowOpacity": 0,
            "shadowRadius": 0,
          }
        }
      >
        <View
          collapsable={false}
          style={
            {
              "backgroundColor": "rgba(103, 80, 164, 1)",
              "borderColor": "transparent",
              "borderRadius": 20,
              "borderStyle": "solid",
              "borderWidth": 0,
              "minWidth": 64,
            }
          }
        >
          <View
            accessibilityRole="button"
            accessibilityState={
              {
                "busy": undefined,
                "checked": undefined,
                "disabled": false,
                "expanded": undefined,
                "selected": undefined,
              }
            }
            accessibilityValue={
              {
                "max": undefined,
                "min": undefined,
                "now": undefined,
                "text": undefined,
              }
            }
            accessible={true}
            collapsable={false}
            focusable={true}
            onBlur={[Function]}
            onClick={[Function]}
            onFocus={[Function]}
            onResponderGrant={[Function]}
            onResponderMove={[Function]}
            onResponderRelease={[Function]}
            onResponderTerminate={[Function]}
            onResponderTerminationRequest={[Function]}
            onStartShouldSetResponder={[Function]}
            style={
              [
                {
                  "overflow": "hidden",
                },
                false,
                {
                  "borderRadius": 20,
                },
              ]
            }
            testID="button"
          >
            <View
              style={
                [
                  {
                    "alignItems": "center",
                    "flexDirection": "row",
                    "justifyContent": "center",
                  },
                  undefined,
                ]
              }
            >
              <View
                style={
                  [
                    {
                      "marginLeft": 12,
                      "marginRight": -4,
                    },
                    {
                      "marginLeft": 16,
                      "marginRight": -16,
                    },
                    false,
                  ]
                }
                testID="button-icon-container"
              >
                <Text
                  accessibilityElementsHidden={true}
                  importantForAccessibility="no-hide-descendants"
                  pointerEvents="none"
                  selectable={false}
                  style={
                    [
                      {
                        "backgroundColor": "transparent",
                      },
                      {
                        "color": "rgba(255, 255, 255, 1)",
                        "fontSize": 18,
                      },
                    ]
                  }
                >
                  â–¡
                </Text>
              </View>
              <Text
                numberOfLines={1}
                selectable={false}
                style={
                  [
                    {
                      "color": "rgba(28, 27, 31, 1)",
                      "fontFamily": "System",
                      "fontSize": 14,
                      "fontWeight": "500",
                      "letterSpacing": 0.1,
                      "lineHeight": 20,
                    },
                    {
                      "textAlign": "left",
                    },
                    {
                      "writingDirection": "ltr",
                    },
                    [
                      {
                        "marginHorizontal": 16,
                        "marginVertical": 9,
                        "textAlign": "center",
                      },
                      false,
                      {
                        "marginHorizontal": 24,
                        "marginVertical": 10,
                      },
                      undefined,
                      false,
                      {
                        "color": "rgba(255, 255, 255, 1)",
                        "fontFamily": "System",
                        "fontSize": 14,
                        "fontWeight": "500",
                        "letterSpacing": 0.1,
                        "lineHeight": 20,
                      },
                      undefined,
                    ],
                  ]
                }
              >
                Go back
              </Text>
            </View>
          </View>
        </View>
      </View>
    </View>
  </View>
</RNCSafeAreaView>
`;
